Windows PowerShell 
Copyright (C) Microsoft Corporation. All rights reserved.

PS C:\Users\barni\Desktop> 
PS C:\Users\barni\Desktop> 
PS C:\Users\barni\Desktop> 
PS C:\Users\barni\Desktop> 
PS C:\Users\barni\Desktop> 
PS C:\Users\barni\Desktop> 
PS C:\Users\barni\Desktop> 
PS C:\Users\barni\Desktop> 
PS C:\Users\barni\Desktop> 
PS C:\Users\barni\Desktop> 
PS C:\Users\barni\Desktop> 
PS C:\Users\barni\Desktop> 
PS C:\Users\barni\Desktop> 
PS C:\Users\barni\Desktop> 
PS C:\Users\barni\Desktop> 
PS C:\Users\barni\Desktop> 
PS C:\Users\barni\Desktop> 
PS C:\Users\barni\Desktop> 
PS C:\Users\barni\Desktop> 
PS C:\Users\barni\Desktop> 
PS C:\Users\barni\Desktop> 
PS C:\Users\barni\Desktop> 
PS C:\Users\barni\Desktop> 
PS C:\Users\barni\Desktop> 

PS C:\Users\barni\Desktop> PS C:\Users\barni\Desktop> jhv : The term 'jhv' is not recognized as the name of a cmdlet, function, script file, or operable program. Check the s
pelling of the name, or if a path was included, verify that the path is correct and try again.
At line:1 char:1
+ jhv
+ ~~~
    + CategoryInfo          : ObjectNotFound: (jhv:String) [], CommandNotFoundException
    + FullyQualifiedErrorId : CommandNotFoundException
 
PS C:\Users\barni\Desktop> sdg : The term 'sdg' is not recognized as the name of a cmdlet, function, script file, or operable program. Check the s
pelling of the name, or if a path was included, verify that the path is correct and try again.
At line:1 char:1
+ sdg
+ ~~~
    + CategoryInfo          : ObjectNotFound: (sdg:String) [], CommandNotFoundException
    + FullyQualifiedErrorId : CommandNotFoundException
 
PS C:\Users\barni\Desktop> sdf : The term 'sdf' is not recognized as the name of a cmdlet, function, script file, or operable program. Check the s
pelling of the name, or if a path was included, verify that the path is correct and try again.
At line:1 char:1
+ sdf
+ ~~~
    + CategoryInfo          : ObjectNotFound: (sdf:String) [], CommandNotFoundException
    + FullyQualifiedErrorId : CommandNotFoundException
 
PS C:\Users\barni\Desktop> PS C:\Users\barni\Desktop> fs : The term 'fs' is not recognized as the name of a cmdlet, function, script file, or operable program. Check the spe
lling of the name, or if a path was included, verify that the path is correct and try again.
At line:1 char:1
+ fs
+ ~~
    + CategoryInfo          : ObjectNotFound: (fs:String) [], CommandNotFoundException
    + FullyQualifiedErrorId : CommandNotFoundException
 
PS C:\Users\barni\Desktop> sffs : The term 'sffs' is not recognized as the name of a cmdlet, function, script file, or operable program. Check the
 spelling of the name, or if a path was included, verify that the path is correct and try again.
At line:1 char:1
+ sffs
+ ~~~~
    + CategoryInfo          : ObjectNotFound: (sffs:String) [], CommandNotFoundException
    + FullyQualifiedErrorId : CommandNotFoundException
 
PS C:\Users\barni\Desktop> sfd : The term 'sfd' is not recognized as the name of a cmdlet, function, script file, or operable program. Check the s
pelling of the name, or if a path was included, verify that the path is correct and try again.
At line:1 char:1
+ sfd
+ ~~~
    + CategoryInfo          : ObjectNotFound: (sfd:String) [], CommandNotFoundException
    + FullyQualifiedErrorId : CommandNotFoundException
 
PS C:\Users\barni\Desktop> sf : The term 'sf' is not recognized as the name of a cmdlet, function, script file, or operable program. Check the spe
lling of the name, or if a path was included, verify that the path is correct and try again.
At line:1 char:1
+ sf
+ ~~
    + CategoryInfo          : ObjectNotFound: (sf:String) [], CommandNotFoundException
    + FullyQualifiedErrorId : CommandNotFoundException
 
PS C:\Users\barni\Desktop> sdf : The term 'sdf' is not recognized as the name of a cmdlet, function, script file, or operable program. Check the s
pelling of the name, or if a path was included, verify that the path is correct and try again.
At line:1 char:1
+ sdf
+ ~~~
    + CategoryInfo          : ObjectNotFound: (sdf:String) [], CommandNotFoundException
    + FullyQualifiedErrorId : CommandNotFoundException
 
PS C:\Users\barni\Desktop> fsd : The term 'fsd' is not recognized as the name of a cmdlet, function, script file, or operable program. Check the s
pelling of the name, or if a path was included, verify that the path is correct and try again.
At line:1 char:1
+ fsd
+ ~~~
    + CategoryInfo          : ObjectNotFound: (fsd:String) [], CommandNotFoundException
    + FullyQualifiedErrorId : CommandNotFoundException
 
PS C:\Users\barni\Desktop> df : The term 'df' is not recognized as the name of a cmdlet, function, script file, or operable program. Check the spe
lling of the name, or if a path was included, verify that the path is correct and try again.
At line:1 char:1
+ df
+ ~~
    + CategoryInfo          : ObjectNotFound: (df:String) [], CommandNotFoundException
    + FullyQualifiedErrorId : CommandNotFoundException
 
PS C:\Users\barni\Desktop> dsf : The term 'dsf' is not recognized as the name of a cmdlet, function, script file, or operable program. Check the s
pelling of the name, or if a path was included, verify that the path is correct and try again.
At line:1 char:1
+ dsf
+ ~~~
    + CategoryInfo          : ObjectNotFound: (dsf:String) [], CommandNotFoundException
    + FullyQualifiedErrorId : CommandNotFoundException
 
PS C:\Users\barni\Desktop> PS C:\Users\barni\Desktop> d : The term 'd' is not recognized as the name of a cmdlet, function, script file, or operable program. Check the spell
ing of the name, or if a path was included, verify that the path is correct and try again.
At line:1 char:1
+ d
+ ~
    + CategoryInfo          : ObjectNotFound: (d:String) [], CommandNotFoundException
    + FullyQualifiedErrorId : CommandNotFoundException
 
PS C:\Users\barni\Desktop> 
PS C:\Users\barni\Desktop> 
PS C:\Users\barni\Desktop> 
PS C:\Users\barni\Desktop> 
PS C:\Users\barni\Desktop> 
PS C:\Users\barni\Desktop> 